// Jest Snapshot v1, https://goo.gl/fbAQLP

exports[`BackToHomeBtn component Render BackToHomeBtn snapshot 1`] = `
<DocumentFragment>
  <div
    class="sc-AxjAm dmMcfw"
  />
</DocumentFragment>
`;

exports[`BackToHomeBtn component render BackToHomeBtn snapshot 1`] = `
<DocumentFragment>
  <div
    class="sc-AxjAm dmMcfw"
  />
</DocumentFragment>
`;

exports[`CloseButton component Render CloseButton snapshot 1`] = `
<DocumentFragment>
  <div
    class="sc-AxjAm dmMcfw"
  />
</DocumentFragment>
`;
