// Jest Snapshot v1, https://goo.gl/fbAQLP

exports[`SearchBtn component Render SearchBtn snapshot 1`] = `
<DocumentFragment>
  <div
    class="sc-AxjAm dtWMrr"
  >
    <div
      class="sc-AxirZ jpTJgh"
    >
      <div
        class="sc-AxiKw hTVPjm"
      />
      <div
        class="sc-AxhCb daOEwe"
      />
    </div>
  </div>
</DocumentFragment>
`;
